// Jest Snapshot v1, https://goo.gl/fbAQLP

exports[`App snapshot 1`] = `
"<div className=\\"main\\">
  <p>
    Hello my world from App
  </p>
  <AppInput />
</div>"
`;
